mapserver/example.map:21:12:      # At Rhodes, at Cyprus, and on other grounds
